// Jest Snapshot v1, https://goo.gl/fbAQLP

exports[`Snapshot 1`] = `
Object {
  "Outputs": Object {
    "GBUrlOutput": Object {
      "Value": Object {
        "Fn::Join": Array [
          "",
          Array [
            "https://",
            Object {
              "Ref": "GBHttpApi039092AB",
            },
            ".execute-api.",
            Object {
              "Ref": "AWS::Region",
            },
            ".",
            Object {
              "Ref": "AWS::URLSuffix",
            },
            "/",
          ],
        ],
      },
    },
  },
  "Parameters": Object {
    "AssetParameters891293fb00d2c34bae312392bf465e5741ce5897aac2fb8249435a2380d74b88ArtifactHash7A01D2CD": Object {
      "Description": "Artifact hash for asset \\"891293fb00d2c34bae312392bf465e5741ce5897aac2fb8249435a2380d74b88\\"",
      "Type": "String",
    },
    "AssetParameters891293fb00d2c34bae312392bf465e5741ce5897aac2fb8249435a2380d74b88S3BucketF6E13F9F": Object {
      "Description": "S3 bucket for asset \\"891293fb00d2c34bae312392bf465e5741ce5897aac2fb8249435a2380d74b88\\"",
      "Type": "String",
    },
    "AssetParameters891293fb00d2c34bae312392bf465e5741ce5897aac2fb8249435a2380d74b88S3VersionKeyFBEE480E": Object {
      "Description": "S3 key for asset version \\"891293fb00d2c34bae312392bf465e5741ce5897aac2fb8249435a2380d74b88\\"",
      "Type": "String",
    },
    "SPOTIFYCLIENTID": Object {
      "MinLength": 1,
      "NoEcho": true,
      "Type": "String",
    },
    "SPOTIFYCLIENTSECRET": Object {
      "MinLength": 1,
      "NoEcho": true,
      "Type": "String",
    },
    "SPOTIFYREFRESHTOKEN": Object {
      "MinLength": 1,
      "NoEcho": true,
      "Type": "String",
    },
  },
  "Resources": Object {
    "GBApiFunction8A0EAFAB": Object {
      "DependsOn": Array [
        "LambdaIamRoleD8B84737",
      ],
      "Properties": Object {
        "Code": Object {
          "S3Bucket": Object {
            "Ref": "AssetParameters891293fb00d2c34bae312392bf465e5741ce5897aac2fb8249435a2380d74b88S3BucketF6E13F9F",
          },
          "S3Key": Object {
            "Fn::Join": Array [
              "",
              Array [
                Object {
                  "Fn::Select": Array [
                    0,
                    Object {
                      "Fn::Split": Array [
                        "||",
                        Object {
                          "Ref": "AssetParameters891293fb00d2c34bae312392bf465e5741ce5897aac2fb8249435a2380d74b88S3VersionKeyFBEE480E",
                        },
                      ],
                    },
                  ],
                },
                Object {
                  "Fn::Select": Array [
                    1,
                    Object {
                      "Fn::Split": Array [
                        "||",
                        Object {
                          "Ref": "AssetParameters891293fb00d2c34bae312392bf465e5741ce5897aac2fb8249435a2380d74b88S3VersionKeyFBEE480E",
                        },
                      ],
                    },
                  ],
                },
              ],
            ],
          },
        },
        "Environment": Object {
          "Variables": Object {
            "SPOTIFY_CLIENT_ID": Object {
              "Ref": "SPOTIFYCLIENTID",
            },
            "SPOTIFY_CLIENT_SECRET": Object {
              "Ref": "SPOTIFYCLIENTSECRET",
            },
            "SPOTIFY_REFRESH_TOKEN": Object {
              "Ref": "SPOTIFYREFRESHTOKEN",
            },
          },
        },
        "FunctionName": "test-lambda",
        "Handler": "lambda.handler",
        "MemorySize": 2048,
        "Role": Object {
          "Fn::GetAtt": Array [
            "LambdaIamRoleD8B84737",
            "Arn",
          ],
        },
        "Runtime": "nodejs14.x",
        "Timeout": 15,
      },
      "Type": "AWS::Lambda::Function",
    },
    "GBHttpApi039092AB": Object {
      "Properties": Object {
        "CorsConfiguration": Object {
          "AllowOrigins": Array [
            "https://gregbomkamp.dev",
          ],
        },
        "Name": "test-http-api",
        "ProtocolType": "HTTP",
      },
      "Type": "AWS::ApiGatewayV2::Api",
    },
    "GBHttpApiDefaultRoute7CA76E3B": Object {
      "Properties": Object {
        "ApiId": Object {
          "Ref": "GBHttpApi039092AB",
        },
        "AuthorizationType": "NONE",
        "RouteKey": "$default",
        "Target": Object {
          "Fn::Join": Array [
            "",
            Array [
              "integrations/",
              Object {
                "Ref": "GBHttpApiDefaultRouteHttpIntegration1ef020c6ad87d81aa7a9f59049fe266a76B14458",
              },
            ],
          ],
        },
      },
      "Type": "AWS::ApiGatewayV2::Route",
    },
    "GBHttpApiDefaultRouteHttpIntegration1ef020c6ad87d81aa7a9f59049fe266a76B14458": Object {
      "Properties": Object {
        "ApiId": Object {
          "Ref": "GBHttpApi039092AB",
        },
        "IntegrationType": "AWS_PROXY",
        "IntegrationUri": Object {
          "Fn::GetAtt": Array [
            "GBApiFunction8A0EAFAB",
            "Arn",
          ],
        },
        "PayloadFormatVersion": "2.0",
      },
      "Type": "AWS::ApiGatewayV2::Integration",
    },
    "GBHttpApiDefaultRoutetestGBHttpApiDefaultRouteA1154D08Permission83273C12": Object {
      "Properties": Object {
        "Action": "lambda:InvokeFunction",
        "FunctionName": Object {
          "Fn::GetAtt": Array [
            "GBApiFunction8A0EAFAB",
            "Arn",
          ],
        },
        "Principal": "apigateway.amazonaws.com",
        "SourceArn": Object {
          "Fn::Join": Array [
            "",
            Array [
              "arn:",
              Object {
                "Ref": "AWS::Partition",
              },
              ":execute-api:",
              Object {
                "Ref": "AWS::Region",
              },
              ":",
              Object {
                "Ref": "AWS::AccountId",
              },
              ":",
              Object {
                "Ref": "GBHttpApi039092AB",
              },
              "/*/*",
            ],
          ],
        },
      },
      "Type": "AWS::Lambda::Permission",
    },
    "GBHttpApiDefaultStage2C73E5DB": Object {
      "Properties": Object {
        "ApiId": Object {
          "Ref": "GBHttpApi039092AB",
        },
        "AutoDeploy": true,
        "StageName": "$default",
      },
      "Type": "AWS::ApiGatewayV2::Stage",
    },
    "LambdaIamRoleD8B84737": Object {
      "Properties": Object {
        "AssumeRolePolicyDocument": Object {
          "Statement": Array [
            Object {
              "Action": "sts:AssumeRole",
              "Effect": "Allow",
              "Principal": Object {
                "Service": "lambda.amazonaws.com",
              },
            },
          ],
          "Version": "2012-10-17",
        },
        "Description": "IAM Role used to allow Lambda execution & permit gateway access",
        "RoleName": "test-lambda-role",
      },
      "Type": "AWS::IAM::Role",
    },
  },
}
`;
